INFO         | Android emulator version 37.1.11.0 (build_id 15917651) (CL:N/A)
INFO         | Graphics backend: gfxstream
INFO         | Found systemPath C:\Android\Sdk\system-images\android-37.1\google_apis_playstore_ps16k\x86_64\
INFO         | Guest usage of host flag 'VulkanVirtualQueue' will be ignored.
INFO         | Increasing RAM size to 4096MB
INFO         | IPv4 server found: 192.168.200.254
INFO         | Ignore IPv6 address: 209c:8274:2:0:209c:8274:2:0
INFO         | Ignore IPv6 address: 209c:8274:2:0:209c:8274:2:0
INFO         | Ignore IPv6 address: 209c:8274:2:0:209c:8274:2:0
INFO         | Ignore IPv6 address: 70ab:8274:2:0:209c:8274:2:0
INFO         | Ignore IPv6 address: 70ab:8274:2:0:209c:8274:2:0
INFO         | Ignore IPv6 address: 70ab:8274:2:0:209c:8274:2:0
INFO         | Ignore IPv6 address: 88b1:8274:2:0:209c:8274:2:0
INFO         | Ignore IPv6 address: 88b1:8274:2:0:209c:8274:2:0
INFO         | Ignore IPv6 address: 88b1:8274:2:0:209c:8274:2:0
INFO         | Ignore IPv6 address: b0c0:8274:2:0:209c:8274:2:0
INFO         | Ignore IPv6 address: b0c0:8274:2:0:209c:8274:2:0
INFO         | Ignore IPv6 address: b0c0:8274:2:0:209c:8274:2:0
INFO         | Guest GLES Driver: Auto (ext controls)
INFO         | emuglConfig_get_vulkan_hardware_gpu_support_info: Found physical GPU 'Intel(R) RaptorLake-S Mobile Graphics Controller', type: VK_PHYSICAL_DEVICE_TYPE_INTEGRATED_GPU, apiVersion: 1.4.312, driverVersion: 0.405.2785

INFO         | emuglConfig_init: vulkan_mode_selected:host gles_mode_selected:host
INFO         | Checking system compatibility:
INFO         |   Checking: hasCompatibleHypervisor
INFO         |      Ok: Hypervisor compatibility to run avd: `Pixel_8` are met
INFO         |   Checking: hasSufficientSystem
INFO         |      Ok: System requirements to run avd: `Pixel_8` are met
INFO         |   Checking: hasSufficientHwGpu
INFO         |      Ok: Hardware GPU requirements to run avd: `Pixel_8` are passed
INFO         |   Checking: hasSufficientDiskSpace
INFO         |      Ok: Disk space requirements to run avd: `Pixel_8` are met
INFO         | Storing crashdata in: C:\Users\SAMART~1\AppData\Local\Temp\\AndroidEmulator\emu-crash-37.1.11.db, detection is enabled for process: 30056
INFO         | Initializing gfxstream backend
INFO         | startOpenglesRendererImpl: gpu info
INFO         | GPU #1
  Make: 8086
  Model: Intel(R) UHD Graphics
  Device ID: a78b

INFO         | Vulkan 1.4 is not supported for the guest and won't be enabled
INFO         | Disabling implicit Vulkan layers to avoid compatibility issues. Set VK_LOADER_LAYERS_DISABLE manually to disable this behavior.
INFO         | SharedLibrary::open for [C:\Android\Sdk\emulator\qemu\windows-x86_64\lib64\vulkan\vulkan-1.dll]
INFO         | SharedLibrary::open for [C:\Android\Sdk\emulator\lib64\vulkan\vulkan-1.dll]
INFO         | Added library: C:\Android\Sdk\emulator\lib64\vulkan\vulkan-1.dll
INFO         | Selecting Vulkan device: Intel(R) RaptorLake-S Mobile Graphics Controller, Version: 1.4.312
INFO         | Using Vulkan externalMemoryMode: OpaqueWin32 for VkEmulation
INFO         | Initializing VkEmulation features:
INFO         |     glInteropSupported: false
INFO         |     useDeferredCommands: true
INFO         |     createResourceWithRequirements: true
INFO         |     useVulkanComposition: false
INFO         |     useVulkanNativeSwapchain: false
INFO         |     enable guestRenderDoc: false
INFO         |     ASTC LDR emulation mode: Gpu
INFO         |     enable ETC2 emulation: true
INFO         |     enable Ycbcr emulation: false
INFO         |     guestVulkanOnly: false
INFO         |     useDedicatedAllocations: false
INFO         |     guestVulkanMaxApiVersion: 1.3.0
INFO         |     enableProtectedMemoryEmulation: false
INFO         | Graphics Adapter Vendor Google (Intel)
INFO         | Graphics Adapter Android Emulator OpenGL ES Translator (Intel(R) RaptorLake-S Mobile Graphics Controller)
INFO         | Graphics API Version OpenGL ES 3.0 (4.5.0 - Build 32.0.101.6881)
INFO         | Graphics API Extensions GL_OES_EGL_sync GL_OES_EGL_image GL_OES_EGL_image_external GL_OES_depth24 GL_OES_depth32 GL_OES_element_index_uint GL_OES_texture_float GL_OES_texture_float_linear GL_OES_compressed_paletted_texture GL_OES_compressed_ETC1_RGB8_texture GL_OES_depth_texture GL_OES_texture_half_float GL_OES_texture_half_float_linear GL_OES_packed_depth_stencil GL_OES_vertex_half_float GL_OES_texture_npot GL_OES_rgb8_rgba8 GL_EXT_color_buffer_float GL_EXT_color_buffer_half_float GL_EXT_texture_format_BGRA8888 GL_APPLE_texture_format_BGRA8888 
INFO         | Graphics Device Extensions N/A
INFO         | Disabling sparse binding feature support
INFO         | Sending adb public key [QAAAAMkFXgWH27j0L3wEbk9QeC3/KzDUaGgjgGhstBr9c0ymSqxpRPSyzfK2hVeDUWYJ3xXE6oLIDQ4n8jrCUC66bdwE23f23bTFeJNq0/As5HOaPcP+DsHFY7N2J+p44xl4fKgqpE7TxxD1jR/9PoUEkAlBcE710XIUvzKI9GNwi+MihKqgGtDtLLo52G/sKdvzz2Ucc943+LsRA9xRgI8jb54c0TpaqJQQmfnW1wXYMc5SblBy4Q0lKzjBccJRl6gUXyU7PlTkUZIs6YWeo6UqA3zuRsfxwV6UNyabPoIwoHTzxu7nDYLPlYlXUPhmcOZsK4zt1Re7R8mYXeNW9n9hXKBq+uS875CI4+1xOlpqNuS2/SwL0Hozyi2OyYSfw5y2ztwUJQs3ZotD3pyJ5J6DxO3QaDO6anq2tTmUDpHdMHhiKnp2uVdR3yv7fOgq5IFkUo6qZbwdIqAEPJjdkRgcWUSvUzZ3MXbYnWSmRq9j2a3+2mgYQompynDYEiyuIpE6vzmxKE4Vv0MtxMVoIQ8PEyMfzx59QTsXc/P0mrIAis0spRjb0/4iMooGXCv7qCQiFiLW0+RV+JUr7yFBJ7jyZ15NTKFL99XB+XD223WXRq5QIL9y1jFtKuMdrRfzK343N9TCNUoxK8KCMFn/p0lQZkKu+z9Fuv/4MgNyCATUhEn7GEoQNwEAAQA= @unknown]
INFO         | Userspace boot properties:
INFO         |   androidboot.boot_devices=pci0000:00/0000:00:03.0 pci0000:00/0000:00:06.0
INFO         |   androidboot.dalvik.vm.heapsize=576m
INFO         |   androidboot.debug.hwui.renderer=skiagl
INFO         |   androidboot.hardware=ranchu
INFO         |   androidboot.hardware.gltransport=pipe
INFO         |   androidboot.hardware.vulkan=ranchu
INFO         |   androidboot.logcat=*:V
INFO         |   androidboot.opengles.version=196608
INFO         |   androidboot.qemu=1
INFO         |   androidboot.qemu.adb.pubkey=QAAAAMkFXgWH27j0L3wEbk9QeC3/KzDUaGgjgGhstBr9c0ymSqxpRPSyzfK2hVeDUWYJ3xXE6oLIDQ4n8jrCUC66bdwE23f23bTFeJNq0/As5HOaPcP+DsHFY7N2J+p44xl4fKgqpE7TxxD1jR/9PoUEkAlBcE710XIUvzKI9GNwi+MihKqgGtDtLLo52G/sKdvzz2Ucc943+LsRA9xRgI8jb54c0TpaqJQQmfnW1wXYMc5SblBy4Q0lKzjBccJRl6gUXyU7PlTkUZIs6YWeo6UqA3zuRsfxwV6UNyabPoIwoHTzxu7nDYLPlYlXUPhmcOZsK4zt1Re7R8mYXeNW9n9hXKBq+uS875CI4+1xOlpqNuS2/SwL0Hozyi2OyYSfw5y2ztwUJQs3ZotD3pyJ5J6DxO3QaDO6anq2tTmUDpHdMHhiKnp2uVdR3yv7fOgq5IFkUo6qZbwdIqAEPJjdkRgcWUSvUzZ3MXbYnWSmRq9j2a3+2mgYQompynDYEiyuIpE6vzmxKE4Vv0MtxMVoIQ8PEyMfzx59QTsXc/P0mrIAis0spRjb0/4iMooGXCv7qCQiFiLW0+RV+JUr7yFBJ7jyZ15NTKFL99XB+XD223WXRq5QIL9y1jFtKuMdrRfzK343N9TCNUoxK8KCMFn/p0lQZkKu+z9Fuv/4MgNyCATUhEn7GEoQNwEAAQA= @unknown
INFO         |   androidboot.qemu.avd_name=Pixel_8
INFO         |   androidboot.qemu.camera_hq_edge_processing=0
INFO         |   androidboot.qemu.camera_protocol_ver=1
INFO         |   androidboot.qemu.cpuvulkan.version=4210688
INFO         |   androidboot.qemu.gltransport.drawFlushInterval=800
INFO         |   androidboot.qemu.gltransport.name=pipe
INFO         |   androidboot.qemu.hwcodec.avcdec=2
INFO         |   androidboot.qemu.hwcodec.hevcdec=2
INFO         |   androidboot.qemu.hwcodec.vpxdec=2
INFO         |   androidboot.qemu.settings.system.screen_off_timeout=2147483647
INFO         |   androidboot.qemu.skin=pixel_8
INFO         |   androidboot.qemu.virtiowifi=1
INFO         |   androidboot.qemu.vsync=60
INFO         |   androidboot.serialno=EMULATOR37X1X11X0
INFO         |   androidboot.vbmeta.digest=0812025aaaba670a79bd6b4096957b57a9b2c99e1851d994bdf76b1b26444c4e
INFO         |   androidboot.vbmeta.hash_alg=sha256
INFO         |   androidboot.vbmeta.size=6720
INFO         |   androidboot.veritymode=enforcing
WHPX on Windows 10.0.26200 detected.
Windows Hypervisor Platform accelerator is operational
netsimd I 08-27 03:47:11.191 external/netsim+/rust/daemon/src\rust_main.rs:93 - netsim artifacts path: "C:\\Users\\SAMART~1\\AppData\\Local\\Temp\\netsimd"
netsimd I 08-27 03:47:11.191 external/netsim+/rust/daemon/src\rust_main.rs:96 - NetsimdArgs {
    fd_startup_str: None,
    no_cli_ui: true,
    no_web_ui: true,
    pcap: false,
    disable_address_reuse: false,
    hci_port: None,
    connector_instance: None,
    instance: None,
    logtostderr: false,
    dev: false,
    forward_host_mdns: false,
    vsock: None,
    config: None,
    host_dns: Some(
        "192.168.200.254",
    ),
    http_proxy: None,
    wifi_tap: None,
    wifi: None,
    test_beacons: false,
    no_test_beacons: false,
    no_shutdown: false,
    verbose: false,
    version: false,
    debug: DebugArgs {
        debug_no_traffic: false,
        debug_no_network: false,
        debug_no_wmedium: false,
        debug_no_mdns_wmedium: false,
        debug_no_guest_to_host_mdns: false,
    },
    rssi: None,
}
INFO         | Monitoring duration of emulator setup.
WARNING      | The emulator now requires a signed jwt token for gRPC access! Use the -grpc flag if you really want an open unprotected grpc port
INFO         | Using security allow list from: C:\Android\Sdk\emulator\lib\emulator_access.json
INFO         | The active JSON Web Key Sets can be found here: C:\Users\Samarth Kale\AppData\Local\Temp\avd\running\30056\jwks\c871f724-0cc8-424e-a812-932649f44588\active.jwk
INFO         | Scanning C:\Users\Samarth Kale\AppData\Local\Temp\avd\running\30056\jwks\c871f724-0cc8-424e-a812-932649f44588 for jwk keys.
INFO         | Started GRPC server at 127.0.0.1:8554, security: Local, auth: +token
INFO         | Advertising in: C:\Users\Samarth Kale\AppData\Local\Temp\avd\running\pid_30056.ini
INFO         | Activated packet streamer for uwb emulation
INFO         | Successfully initialized netsim WiFi
INFO         | Activated packet streamer for bluetooth emulation
INFO         | Setting display: 0 configuration to: 1080x2400, dpi: 420x420 
INFO         | setDisplayActiveConfig: id:0, 1080x2400
INFO         | Checking system compatibility:
INFO         |   Checking: hasCompatibleHypervisor
INFO         |      Ok: Hypervisor compatibility to run avd: `Pixel_8` are met
INFO         |   Checking: hasSufficientSystem
INFO         |      Ok: System requirements to run avd: `Pixel_8` are met
INFO         |   Checking: hasSufficientHwGpu
INFO         |      Ok: Hardware GPU requirements to run avd: `Pixel_8` are passed
INFO         |   Checking: hasSufficientDiskSpace
INFO         |      Ok: Disk space requirements to run avd: `Pixel_8` are met
WARNING      | getEnvironmentConfig: No environment config is provided
INFO         | getEnvironmentConfig: Using default virtual scene mode for the environment.
INFO         | getEnvironmentConfig: Using default configuration for mode mesh3d for the environment.
INFO         | Initializing a scene with mode: mesh3d, argument: Toren1BD.obj
INFO         | Loading snapshot 'default_boot'...
INFO         | GPU Vendor=[Google (Intel)]
INFO         | GPU Renderer=[Android Emulator OpenGL ES Translator (Intel(R) RaptorLake-S Mobile Graphics Controller)]
INFO         | GPU Version=[OpenGL ES 3.0 (4.5.0 - Build 32.0.101.6881)]
WARNING      | Error -1 from the snapshot callback

WARNING      | Failed to load snapshot 'default_boot'
INFO         | Warning: QMetaObject::connectSlotsByName: No matching signal for on_rgbcSensorValueWidget_valueChanged() (:0, )
INFO         | Warning: QMetaObject::connectSlotsByName: No matching signal for on_posture_valueChanged(int) (:0, )
INFO         | TouchpadHolder: registering via hw_xr_led agent for instance=0000020014126880
INFO         | Warning: QObject::connect: Cannot queue arguments of type 'std::vector<android::emulation::control::SnapshotInfo>'
(Make sure 'std::vector<android::emulation::control::SnapshotInfo>' is registered using qRegisterMetaType().) (:0, )
INFO         | AVD supportsNativeGLES=1, supportsGuestAngle=1
INFO         | Guest Angle is still unstable for API > 35.
INFO         | Created extended window in 880.724ms
WARNING      | adb command 'C:\Android\Sdk\platform-tools\adb.exe -s emulator-5554 shell getprop sys.boot_completed ' failed: 'adb.exe: device offline'
INFO         | Boot completed in 25767 ms
